
> prism-mcp-server@5.4.0 test
> vitest run


[1m[46m RUN [49m[22m [36mv4.1.1 [39m[90m/Users/admin/prism[39m

 [32m✓[39m tests/v31-lifecycle.test.ts[2m > [22mSqliteStorage.getAnalytics()[2m > [22mreturns zeros for an empty project[32m 2[2mms[22m[39m
 [32m✓[39m tests/v31-lifecycle.test.ts[2m > [22mSqliteStorage.getAnalytics()[2m > [22mcorrectly counts active entries, rollups, and rollup savings[32m 0[2mms[22m[39m
 [32m✓[39m tests/v31-lifecycle.test.ts[2m > [22mSqliteStorage.getAnalytics()[2m > [22mexcludes archived and soft-deleted entries from analytics[32m 0[2mms[22m[39m
 [32m✓[39m tests/v31-lifecycle.test.ts[2m > [22mSqliteStorage.getAnalytics()[2m > [22mreturns exactly 14 days in sessionsByDay even with no data[32m 2[2mms[22m[39m
 [32m✓[39m tests/v31-lifecycle.test.ts[2m > [22mSqliteStorage.getAnalytics()[2m > [22mdoes not cross-contaminate projects[32m 0[2mms[22m[39m
 [32m✓[39m tests/v31-lifecycle.test.ts[2m > [22mSqliteStorage.expireByTTL()[2m > [22msoft-deletes only entries older than the TTL cutoff[32m 0[2mms[22m[39m
 [32m✓[39m tests/v31-lifecycle.test.ts[2m > [22mSqliteStorage.expireByTTL()[2m > [22mnever soft-deletes rollup entries (rollups preserve compacted history)[32m 0[2mms[22m[39m
 [32m✓[39m tests/v31-lifecycle.test.ts[2m > [22mSqliteStorage.expireByTTL()[2m > [22mdoes not re-archive already-archived entries (idempotent)[32m 0[2mms[22m[39m
 [32m✓[39m tests/v31-lifecycle.test.ts[2m > [22mSqliteStorage.expireByTTL()[2m > [22mreturns 0 expired when all entries are still within TTL window[32m 0[2mms[22m[39m
 [32m✓[39m tests/v31-lifecycle.test.ts[2m > [22misKnowledgeSetRetentionArgs type guard[2m > [22maccepts valid args[32m 0[2mms[22m[39m
 [32m✓[39m tests/v31-lifecycle.test.ts[2m > [22misKnowledgeSetRetentionArgs type guard[2m > [22mrejects missing project[32m 0[2mms[22m[39m
 [32m✓[39m tests/v31-lifecycle.test.ts[2m > [22misKnowledgeSetRetentionArgs type guard[2m > [22mrejects missing ttl_days[32m 0[2mms[22m[39m
 [32m✓[39m tests/v31-lifecycle.test.ts[2m > [22misKnowledgeSetRetentionArgs type guard[2m > [22mrejects string ttl_days (must be number)[32m 0[2mms[22m[39m
 [32m✓[39m tests/v31-lifecycle.test.ts[2m > [22misKnowledgeSetRetentionArgs type guard[2m > [22mrejects null args[32m 0[2mms[22m[39m
 [32m✓[39m tests/v31-lifecycle.test.ts[2m > [22misKnowledgeSetRetentionArgs type guard[2m > [22mrejects non-object primitives[32m 0[2mms[22m[39m
 [32m✓[39m tests/v31-lifecycle.test.ts[2m > [22mknowledgeSetRetentionHandler — validation[2m > [22maccepts 0 (disabled)[32m 0[2mms[22m[39m
 [32m✓[39m tests/v31-lifecycle.test.ts[2m > [22mknowledgeSetRetentionHandler — validation[2m > [22maccepts 7 (minimum)[32m 0[2mms[22m[39m
 [32m✓[39m tests/v31-lifecycle.test.ts[2m > [22mknowledgeSetRetentionHandler — validation[2m > [22maccepts 30 days[32m 0[2mms[22m[39m
 [32m✓[39m tests/v31-lifecycle.test.ts[2m > [22mknowledgeSetRetentionHandler — validation[2m > [22maccepts 365 days[32m 0[2mms[22m[39m
 [32m✓[39m tests/v31-lifecycle.test.ts[2m > [22mknowledgeSetRetentionHandler — validation[2m > [22mrejects negative (-1)[32m 0[2mms[22m[39m
 [32m✓[39m tests/v31-lifecycle.test.ts[2m > [22mknowledgeSetRetentionHandler — validation[2m > [22mrejects 1 day (below minimum 7)[32m 0[2mms[22m[39m
 [32m✓[39m tests/v31-lifecycle.test.ts[2m > [22mknowledgeSetRetentionHandler — validation[2m > [22mrejects 6 days (just below minimum)[32m 0[2mms[22m[39m
 [32m✓[39m tests/v31-lifecycle.test.ts[2m > [22mactiveCompactions debounce Set — memory leak prevention[2m > [22mis empty at start and drains back to empty after use (happy path)[32m 0[2mms[22m[39m
 [32m✓[39m tests/v31-lifecycle.test.ts[2m > [22mactiveCompactions debounce Set — memory leak prevention[2m > [22mdrains back to empty even when the compaction throws (error-path cleanup)[32m 1[2mms[22m[39m
 [32m✓[39m tests/v31-lifecycle.test.ts[2m > [22mactiveCompactions debounce Set — memory leak prevention[2m > [22mallows a second compaction after the first completes (no phantom lock)[32m 0[2mms[22m[39m
 [32m✓[39m tests/v31-lifecycle.test.ts[2m > [22mactiveCompactions debounce Set — memory leak prevention[2m > [22mconcurrent calls for the same project: only ONE runs (debounce works)[32m 11[2mms[22m[39m
 [32m✓[39m tests/v31-lifecycle.test.ts[2m > [22mactiveCompactions debounce Set — memory leak prevention[2m > [22mmultiple DIFFERENT projects do not block each other[32m 0[2mms[22m[39m
 [32m✓[39m tests/v31-lifecycle.test.ts[2m > [22mAnalytics data shape contract[2m > [22mAnalyticsData has all required numeric fields[32m 0[2mms[22m[39m
 [32m✓[39m tests/v31-lifecycle.test.ts[2m > [22mAnalytics data shape contract[2m > [22msessionsByDay entries have correct shape[32m 0[2mms[22m[39m
 [32m✓[39m tests/v31-lifecycle.test.ts[2m > [22mAnalytics data shape contract[2m > [22mgraceful fallback shape matches when Supabase RPC is unavailable[32m 0[2mms[22m[39m
 [32m✓[39m tests/v31-lifecycle.test.ts[2m > [22mPKM Export — Markdown note structure[2m > [22mproduces a valid Markdown note for a typical session[32m 0[2mms[22m[39m
 [32m✓[39m tests/v31-lifecycle.test.ts[2m > [22mPKM Export — Markdown note structure[2m > [22momits empty sections (no TODOs, no decisions, no files)[32m 0[2mms[22m[39m
 [32m✓[39m tests/v31-lifecycle.test.ts[2m > [22mPKM Export — Markdown note structure[2m > [22mescapes spaces in keywords to underscores (Obsidian tag compatibility)[32m 0[2mms[22m[39m
 [32m✓[39m tests/v31-lifecycle.test.ts[2m > [22mPKM Export — Markdown note structure[2m > [22mcaps keywords at 10 tags[32m 0[2mms[22m[39m
 [32m✓[39m tests/v31-lifecycle.test.ts[2m > [22mPKM Export — Markdown note structure[2m > [22mgenerates valid wikilinks for index file[32m 0[2mms[22m[39m
 [32m✓[39m tests/v31-lifecycle.test.ts[2m > [22mTTL sweep scheduler[2m > [22mregisters a 12-hour interval (43200000ms)[32m 0[2mms[22m[39m
 [32m✓[39m tests/v31-lifecycle.test.ts[2m > [22mTTL sweep scheduler[2m > [22msweep is called immediately on startup (not deferred)[32m 0[2mms[22m[39m
 [32m✓[39m tests/v40-behavioral-memory.test.ts[2m > [22mv4.0 Schema — Behavioral columns[2m > [22mstores event_type correctly[32m 2[2mms[22m[39m
 [32m✓[39m tests/v40-behavioral-memory.test.ts[2m > [22mv4.0 Schema — Behavioral columns[2m > [22mdefaults event_type to 'session'[32m 0[2mms[22m[39m
 [32m✓[39m tests/v40-behavioral-memory.test.ts[2m > [22mv4.0 Schema — Behavioral columns[2m > [22mstores confidence_score as integer[32m 0[2mms[22m[39m
 [32m✓[39m tests/v40-behavioral-memory.test.ts[2m > [22mv4.0 Schema — Behavioral columns[2m > [22mallows NULL confidence_score[32m 0[2mms[22m[39m
 [32m✓[39m tests/v40-behavioral-memory.test.ts[2m > [22mv4.0 Schema — Behavioral columns[2m > [22mstores importance as integer[32m 0[2mms[22m[39m
 [32m✓[39m tests/v40-behavioral-memory.test.ts[2m > [22mv4.0 Schema — Behavioral columns[2m > [22mdefaults importance to 0[32m 0[2mms[22m[39m
 [32m✓[39m tests/v40-behavioral-memory.test.ts[2m > [22mBehavioral Warnings Query[2m > [22mreturns corrections with importance >= 3[32m 1[2mms[22m[39m
 [32m✓[39m tests/v40-behavioral-memory.test.ts[2m > [22mBehavioral Warnings Query[2m > [22mexcludes non-correction event types[32m 0[2mms[22m[39m
 [32m✓[39m tests/v40-behavioral-memory.test.ts[2m > [22mBehavioral Warnings Query[2m > [22mexcludes archived entries[32m 0[2mms[22m[39m
 [32m✓[39m tests/v40-behavioral-memory.test.ts[2m > [22mBehavioral Warnings Query[2m > [22mexcludes soft-deleted entries[32m 0[2mms[22m[39m
 [32m✓[39m tests/v40-behavioral-memory.test.ts[2m > [22mBehavioral Warnings Query[2m > [22mscopes by role — no cross-role leakage[32m 0[2mms[22m[39m
 [32m✓[39m tests/v40-behavioral-memory.test.ts[2m > [22mBehavioral Warnings Query[2m > [22mscopes by project — no cross-project leakage[32m 0[2mms[22m[39m
 [32m✓[39m tests/v40-behavioral-memory.test.ts[2m > [22mBehavioral Warnings Query[2m > [22morders by importance DESC[32m 0[2mms[22m[39m
 [32m✓[39m tests/v40-behavioral-memory.test.ts[2m > [22mBehavioral Warnings Query[2m > [22mlimits to 5 results[32m 0[2mms[22m[39m
 [32m✓[39m tests/v40-behavioral-memory.test.ts[2m > [22madjustImportance — Insight Graduation[2m > [22mupvote increases importance by 1[32m 0[2mms[22m[39m
 [32m✓[39m tests/v40-behavioral-memory.test.ts[2m > [22madjustImportance — Insight Graduation[2m > [22mdownvote decreases importance by 1[32m 0[2mms[22m[39m
 [32m✓[39m tests/v40-behavioral-memory.test.ts[2m > [22madjustImportance — Insight Graduation[2m > [22mimportance never goes below 0 (floor at zero)[32m 0[2mms[22m[39m
 [32m✓[39m tests/v40-behavioral-memory.test.ts[2m > [22madjustImportance — Insight Graduation[2m > [22mmultiple upvotes accumulate[32m 0[2mms[22m[39m
 [32m✓[39m tests/v40-behavioral-memory.test.ts[2m > [22madjustImportance — Insight Graduation[2m > [22mno-op on non-existent ID (does not throw)[32m 0[2mms[22m[39m
 [32m✓[39m tests/v40-behavioral-memory.test.ts[2m > [22madjustImportance — Insight Graduation[2m > [22mscopes by user_id — one user's vote doesn't change another's entry[32m 0[2mms[22m[39m
 [32m✓[39m tests/v40-behavioral-memory.test.ts[2m > [22madjustImportance — Insight Graduation[2m > [22mlarge delta: +10 works for bulk adjustments[32m 0[2mms[22m[39m
 [32m✓[39m tests/v40-behavioral-memory.test.ts[2m > [22madjustImportance — Insight Graduation[2m > [22mlarge negative delta floors at 0[32m 0[2mms[22m[39m
 [32m✓[39m tests/v40-behavioral-memory.test.ts[2m > [22mImportance Decay — v4.0 TTL Enhancement[2m > [22mdecays importance of old experience entries (>30 days)[32m 2[2mms[22m[39m
 [32m✓[39m tests/v40-behavioral-memory.test.ts[2m > [22mImportance Decay — v4.0 TTL Enhancement[2m > [22mdoes NOT decay recent entries (<30 days)[32m 0[2mms[22m[39m
 [32m✓[39m tests/v40-behavioral-memory.test.ts[2m > [22mImportance Decay — v4.0 TTL Enhancement[2m > [22mdoes NOT decay 'session' event_type entries[32m 0[2mms[22m[39m
 [32m✓[39m tests/v40-behavioral-memory.test.ts[2m > [22mImportance Decay — v4.0 TTL Enhancement[2m > [22mdoes NOT decay entries already at importance 0[32m 0[2mms[22m[39m
 [32m✓[39m tests/v40-behavioral-memory.test.ts[2m > [22mImportance Decay — v4.0 TTL Enhancement[2m > [22mmultiple decay runs reduce importance step by step[32m 0[2mms[22m[39m
 [32m✓[39m tests/v40-behavioral-memory.test.ts[2m > [22mExperience Recording — saveLedger with v4 fields[2m > [22mcorrections start with importance 1[32m 0[2mms[22m[39m
 [32m✓[39m tests/v40-behavioral-memory.test.ts[2m > [22mExperience Recording — saveLedger with v4 fields[2m > [22mnon-corrections start with importance 0[32m 0[2mms[22m[39m
 [32m✓[39m tests/v40-behavioral-memory.test.ts[2m > [22mExperience Recording — saveLedger with v4 fields[2m > [22mstores all event types correctly[32m 0[2mms[22m[39m
 [32m✓[39m tests/v40-behavioral-memory.test.ts[2m > [22mToken Budget — max_tokens truncation[2m > [22mdoes not truncate when under budget[32m 0[2mms[22m[39m
 [32m✓[39m tests/v40-behavioral-memory.test.ts[2m > [22mToken Budget — max_tokens truncation[2m > [22mtruncates when over budget[32m 0[2mms[22m[39m
 [32m✓[39m tests/v40-behavioral-memory.test.ts[2m > [22mToken Budget — max_tokens truncation[2m > [22mtruncation preserves exactly maxTokens * 4 chars of content[32m 0[2mms[22m[39m
 [32m✓[39m tests/v40-behavioral-memory.test.ts[2m > [22mToken Budget — max_tokens truncation[2m > [22mno-op when maxTokens is undefined[32m 0[2mms[22m[39m
 [32m✓[39m tests/v40-behavioral-memory.test.ts[2m > [22mToken Budget — max_tokens truncation[2m > [22mmaxTokens of 0 is treated as unlimited (no truncation)[32m 0[2mms[22m[39m
 [32m✓[39m tests/v40-behavioral-memory.test.ts[2m > [22mv4.0 Type Guards (imported from production)[2m > [22misSessionSaveExperienceArgs[2m > [22maccepts valid args with all required fields[32m 0[2mms[22m[39m
 [32m✓[39m tests/v40-behavioral-memory.test.ts[2m > [22mv4.0 Type Guards (imported from production)[2m > [22misSessionSaveExperienceArgs[2m > [22maccepts valid args with optional fields[32m 0[2mms[22m[39m
 [32m✓[39m tests/v40-behavioral-memory.test.ts[2m > [22mv4.0 Type Guards (imported from production)[2m > [22misSessionSaveExperienceArgs[2m > [22mrejects missing project[32m 0[2mms[22m[39m
 [32m✓[39m tests/v40-behavioral-memory.test.ts[2m > [22mv4.0 Type Guards (imported from production)[2m > [22misSessionSaveExperienceArgs[2m > [22mrejects missing event_type[32m 0[2mms[22m[39m
 [32m✓[39m tests/v40-behavioral-memory.test.ts[2m > [22mv4.0 Type Guards (imported from production)[2m > [22misSessionSaveExperienceArgs[2m > [22mrejects missing context[32m 0[2mms[22m[39m
 [32m✓[39m tests/v40-behavioral-memory.test.ts[2m > [22mv4.0 Type Guards (imported from production)[2m > [22misSessionSaveExperienceArgs[2m > [22mrejects null[32m 0[2mms[22m[39m
 [32m✓[39m tests/v40-behavioral-memory.test.ts[2m > [22mv4.0 Type Guards (imported from production)[2m > [22misSessionSaveExperienceArgs[2m > [22mrejects primitives[32m 0[2mms[22m[39m
 [32m✓[39m tests/v40-behavioral-memory.test.ts[2m > [22mv4.0 Type Guards (imported from production)[2m > [22misKnowledgeVoteArgs (upvote/downvote)[2m > [22maccepts valid id[32m 0[2mms[22m[39m
 [32m✓[39m tests/v40-behavioral-memory.test.ts[2m > [22mv4.0 Type Guards (imported from production)[2m > [22misKnowledgeVoteArgs (upvote/downvote)[2m > [22mrejects missing id[32m 0[2mms[22m[39m
 [32m✓[39m tests/v40-behavioral-memory.test.ts[2m > [22mv4.0 Type Guards (imported from production)[2m > [22misKnowledgeVoteArgs (upvote/downvote)[2m > [22mrejects numeric id[32m 0[2mms[22m[39m
 [32m✓[39m tests/v40-behavioral-memory.test.ts[2m > [22mv4.0 Type Guards (imported from production)[2m > [22misKnowledgeVoteArgs (upvote/downvote)[2m > [22mrejects null[32m 0[2mms[22m[39m
 [32m✓[39m tests/v40-behavioral-memory.test.ts[2m > [22mConfidence Score — Edge Cases[2m > [22mconfidence_score of 0 renders correctly (not swallowed by falsy check)[32m 0[2mms[22m[39m
 [32m✓[39m tests/v40-behavioral-memory.test.ts[2m > [22mConfidence Score — Edge Cases[2m > [22mconfidence_score of undefined does not render[32m 0[2mms[22m[39m
 [32m✓[39m tests/v40-behavioral-memory.test.ts[2m > [22mConfidence Score — Edge Cases[2m > [22mconfidence_score of 100 renders correctly[32m 0[2mms[22m[39m
 [32m✓[39m tests/v40-behavioral-memory.test.ts[2m > [22mloadContext — Behavioral Warnings Integration[2m > [22mreturns warnings when handoff exists and corrections are present[32m 1[2mms[22m[39m
 [32m✓[39m tests/v40-behavioral-memory.test.ts[2m > [22mloadContext — Behavioral Warnings Integration[2m > [22mreturns no warnings when no handoff exists[32m 0[2mms[22m[39m
 [32m✓[39m tests/v40-behavioral-memory.test.ts[2m > [22mloadContext — Behavioral Warnings Integration[2m > [22mreturns empty warnings when corrections exist but none meet threshold[32m 0[2mms[22m[39m
 [32m✓[39m tests/v40-behavioral-memory.test.ts[2m > [22mloadContext — Behavioral Warnings Integration[2m > [22mwarnings include the correct summary text for injection[32m 0[2mms[22m[39m
 [32m✓[39m tests/v40-behavioral-memory.test.ts[2m > [22mVote Handler — Negative Paths[2m > [22mupvote handler throws on invalid args (missing id)[32m 0[2mms[22m[39m
 [32m✓[39m tests/v40-behavioral-memory.test.ts[2m > [22mVote Handler — Negative Paths[2m > [22mdownvote handler throws on invalid args (null)[32m 0[2mms[22m[39m
 [32m✓[39m tests/v40-behavioral-memory.test.ts[2m > [22mVote Handler — Negative Paths[2m > [22mupvote handler throws on invalid args (numeric id)[32m 0[2mms[22m[39m
 [32m✓[39m tests/v40-behavioral-memory.test.ts[2m > [22mVote Handler — Negative Paths[2m > [22mexperience handler throws on missing required fields[32m 0[2mms[22m[39m
 [32m✓[39m tests/v40-behavioral-memory.test.ts[2m > [22mVote Handler — Negative Paths[2m > [22mvote for non-existent ID: SQL UPDATE affects 0 rows (known silent-success)[32m 0[2mms[22m[39m
[90mstdout[2m | tests/migration.test.ts[2m > [22m[2mMigration Utility[2m > [22m[2mUniversal Importer (Orchestrator)[2m > [22m[2mshould handle large-file OOM safety via temporary file
[22m[39m🚀 Starting migration from claude to Prism...
⚠️ DRY RUN MODE - storage writes disabled.

[90mstdout[2m | tests/migration.test.ts[2m > [22m[2mMigration Utility[2m > [22m[2mUniversal Importer (Orchestrator)[2m > [22m[2mshould handle large-file OOM safety via temporary file
[22m[39m
✅ Migration complete!
   Conversations: 1
   Turns processed: 100

 [32m✓[39m tests/migration.test.ts[2m > [22mMigration Utility[2m > [22mClaude Adapter[2m > [22mshould deduplicate streaming chunks by message.id[32m 5[2mms[22m[39m
 [32m✓[39m tests/migration.test.ts[2m > [22mMigration Utility[2m > [22mGemini Adapter[2m > [22mshould map "model" role to "assistant"[32m 3[2mms[22m[39m
 [32m✓[39m tests/migration.test.ts[2m > [22mMigration Utility[2m > [22mOpenAI Adapter[2m > [22mshould normalize tool calls into content[32m 3[2mms[22m[39m
 [32m✓[39m tests/migration.test.ts[2m > [22mMigration Utility[2m > [22mUniversal Importer (Orchestrator)[2m > [22mshould handle large-file OOM safety via temporary file[32m 4[2mms[22m[39m
 [32m✓[39m tests/dashboard/api.test.ts[2m > [22mSettings API (Storage Layer)[2m > [22mshould return empty settings initially[32m 1[2mms[22m[39m
 [32m✓[39m tests/dashboard/api.test.ts[2m > [22mSettings API (Storage Layer)[2m > [22mshould save settings individually[32m 2[2mms[22m[39m
 [32m✓[39m tests/dashboard/api.test.ts[2m > [22mSettings API (Storage Layer)[2m > [22mshould retrieve all settings in one call[32m 0[2mms[22m[39m
 [32m✓[39m tests/dashboard/api.test.ts[2m > [22mSettings API (Storage Layer)[2m > [22mshould update existing settings via upsert[32m 3[2mms[22m[39m
 [32m✓[39m tests/dashboard/api.test.ts[2m > [22mSettings API (Storage Layer)[2m > [22mshould handle boolean values as strings[32m 1[2mms[22m[39m
 [32m✓[39m tests/dashboard/api.test.ts[2m > [22mTeam API (Storage Layer)[2m > [22mshould return empty team for new project[32m 1[2mms[22m[39m
 [32m✓[39m tests/dashboard/api.test.ts[2m > [22mTeam API (Storage Layer)[2m > [22mshould return full team roster after registration[32m 3[2mms[22m[39m
 [32m✓[39m tests/dashboard/api.test.ts[2m > [22mTeam API (Storage Layer)[2m > [22mshould include current_task in team listing[32m 0[2mms[22m[39m
 [32m✓[39m tests/dashboard/api.test.ts[2m > [22mTeam API (Storage Layer)[2m > [22mshould isolate teams by project[32m 1[2mms[22m[39m
 [32m✓[39m tests/turboquant.test.ts[2m > [22mLloyd-Max Codebook Solver[2m > [22mcentroids are symmetric around zero[32m 5[2mms[22m[39m
 [32m✓[39m tests/turboquant.test.ts[2m > [22mLloyd-Max Codebook Solver[2m > [22mdistortion decreases with more bits[32m 69[2mms[22m[39m
 [32m✓[39m tests/turboquant.test.ts[2m > [22mLloyd-Max Codebook Solver[2m > [22mboundaries are between adjacent centroids[32m 16[2mms[22m[39m
 [32m✓[39m tests/turboquant.test.ts[2m > [22mLloyd-Max Codebook Solver[2m > [22mcodebook scales with dimension (sigma = 1/sqrt(d))[32m 4[2mms[22m[39m
 [32m✓[39m tests/turboquant.test.ts[2m > [22mRotation Matrix (QR)[2m > [22mproduces orthogonal matrix: Q × Q^T ≈ I[32m 23[2mms[22m[39m
 [32m✓[39m tests/load/hivemind.test.ts[2m > [22mConcurrent Ledger Writes[2m > [22mshould handle 20 parallel writes without data loss[32m 15[2mms[22m[39m
[90mstdout[2m | tests/migration-edge.test.ts[2m > [22m[2mMigration Edge Cases[2m > [22m[2mUniversal Importer Error Handling[2m > [22m[2mshould use explicit --format over auto-detection
[22m[39m🚀 Starting migration from gemini to Prism...
⚠️ DRY RUN MODE - storage writes disabled.

[90mstdout[2m | tests/migration-edge.test.ts[2m > [22m[2mMigration Edge Cases[2m > [22m[2mUniversal Importer Error Handling[2m > [22m[2mshould use explicit --format over auto-detection
[22m[39m
✅ Migration complete!
   Conversations: 1
   Turns processed: 1

[90mstdout[2m | tests/migration-edge.test.ts[2m > [22m[2mMigration Edge Cases[2m > [22m[2mConversation Grouping[2m > [22m[2mshould group turns within 30 min into one conversation
[22m[39m🚀 Starting migration from gemini to Prism...

[90mstdout[2m | tests/migration-edge.test.ts[2m > [22m[2mMigration Edge Cases[2m > [22m[2mConversation Grouping[2m > [22m[2mshould group turns within 30 min into one conversation
[22m[39m
✅ Migration complete!
   Conversations: 1
   Turns processed: 4

[90mstdout[2m | tests/migration-edge.test.ts[2m > [22m[2mMigration Edge Cases[2m > [22m[2mConversation Grouping[2m > [22m[2mshould split turns with 30+ min gaps into separate conversations
[22m[39m🚀 Starting migration from gemini to Prism...

[90mstdout[2m | tests/migration-edge.test.ts[2m > [22m[2mMigration Edge Cases[2m > [22m[2mConversation Grouping[2m > [22m[2mshould split turns with 30+ min gaps into separate conversations
[22m[39m
✅ Migration complete!
   Conversations: 2
   Turns processed: 4

[90mstdout[2m | tests/migration-edge.test.ts[2m > [22m[2mMigration Edge Cases[2m > [22m[2mConversation Grouping[2m > [22m[2mshould skip duplicate conversations on re-import
[22m[39m🚀 Starting migration from gemini to Prism...

[90mstdout[2m | tests/migration-edge.test.ts[2m > [22m[2mMigration Edge Cases[2m > [22m[2mConversation Grouping[2m > [22m[2mshould skip duplicate conversations on re-import
[22m[39m
✅ Migration complete!
   Conversations: 1
   Turns processed: 0
   Skipped (dup): 2

[90mstdout[2m | tests/migration-edge.test.ts[2m > [22m[2mMigration Edge Cases[2m > [22m[2mConversation Grouping[2m > [22m[2mshould preserve tools as keywords in summary entry
[22m[39m🚀 Starting migration from openai to Prism...

[90mstdout[2m | tests/migration-edge.test.ts[2m > [22m[2mMigration Edge Cases[2m > [22m[2mConversation Grouping[2m > [22m[2mshould preserve tools as keywords in summary entry
[22m[39m
✅ Migration complete!
   Conversations: 1
   Turns processed: 2

[90mstdout[2m | tests/migration-edge.test.ts[2m > [22m[2mMigration Edge Cases[2m > [22m[2mConversation Grouping[2m > [22m[2mshould handle empty file gracefully with 0 conversations
[22m[39m🚀 Starting migration from gemini to Prism...
⚠️ DRY RUN MODE - storage writes disabled.

[90mstdout[2m | tests/migration-edge.test.ts[2m > [22m[2mMigration Edge Cases[2m > [22m[2mConversation Grouping[2m > [22m[2mshould handle empty file gracefully with 0 conversations
[22m[39m
✅ Migration complete!
   Conversations: 0
   Turns processed: 0

 [32m✓[39m tests/storage/sqlite.test.ts[2m > [22mDatabase Initialization[2m > [22mshould survive re-initialization without errors[32m 26[2mms[22m[39m
 [32m✓[39m tests/migration-edge.test.ts[2m > [22mMigration Edge Cases[2m > [22mEmpty Files[2m > [22mClaude: should handle empty .jsonl file gracefully[32m 2[2mms[22m[39m
 [32m✓[39m tests/migration-edge.test.ts[2m > [22mMigration Edge Cases[2m > [22mEmpty Files[2m > [22mGemini: should handle empty JSON array gracefully[32m 4[2mms[22m[39m
 [32m✓[39m tests/migration-edge.test.ts[2m > [22mMigration Edge Cases[2m > [22mEmpty Files[2m > [22mOpenAI: should handle empty JSON array gracefully[32m 1[2mms[22m[39m
 [32m✓[39m tests/migration-edge.test.ts[2m > [22mMigration Edge Cases[2m > [22mMalformed Data[2m > [22mClaude: should skip malformed JSON lines and continue[32m 4[2mms[22m[39m
 [32m✓[39m tests/migration-edge.test.ts[2m > [22mMigration Edge Cases[2m > [22mMalformed Data[2m > [22mClaude: should handle lines with only whitespace[32m 2[2mms[22m[39m
 [32m✓[39m tests/migration-edge.test.ts[2m > [22mMigration Edge Cases[2m > [22mMissing Fields[2m > [22mClaude: should handle entries with no content gracefully[32m 2[2mms[22m[39m
 [32m✓[39m tests/migration-edge.test.ts[2m > [22mMigration Edge Cases[2m > [22mMissing Fields[2m > [22mClaude: should provide timestamp fallback when missing[32m 1[2mms[22m[39m
 [32m✓[39m tests/migration-edge.test.ts[2m > [22mMigration Edge Cases[2m > [22mMissing Fields[2m > [22mOpenAI: should handle entries with null content[32m 1[2mms[22m[39m
 [32m✓[39m tests/migration-edge.test.ts[2m > [22mMigration Edge Cases[2m > [22mMissing Fields[2m > [22mGemini: should handle entries with empty parts array[32m 1[2mms[22m[39m
 [32m✓[39m tests/migration-edge.test.ts[2m > [22mMigration Edge Cases[2m > [22mRole Normalization[2m > [22mGemini: should handle "assistant" role (non-standard for Gemini)[32m 1[2mms[22m[39m
 [32m✓[39m tests/migration-edge.test.ts[2m > [22mMigration Edge Cases[2m > [22mRole Normalization[2m > [22mOpenAI: should treat unknown roles as "user"[32m 1[2mms[22m[39m
 [32m✓[39m tests/migration-edge.test.ts[2m > [22mMigration Edge Cases[2m > [22mRole Normalization[2m > [22mClaude: should detect assistant role via message.role fallback[32m 0[2mms[22m[39m
 [32m✓[39m tests/migration-edge.test.ts[2m > [22mMigration Edge Cases[2m > [22mnormalizeContent[2m > [22mshould handle plain string[32m 0[2mms[22m[39m
 [32m✓[39m tests/migration-edge.test.ts[2m > [22mMigration Edge Cases[2m > [22mnormalizeContent[2m > [22mshould handle empty string[32m 0[2mms[22m[39m
 [32m✓[39m tests/migration-edge.test.ts[2m > [22mMigration Edge Cases[2m > [22mnormalizeContent[2m > [22mshould handle array of text objects (Claude format)[32m 0[2mms[22m[39m
 [32m✓[39m tests/migration-edge.test.ts[2m > [22mMigration Edge Cases[2m > [22mnormalizeContent[2m > [22mshould handle array of part objects (Gemini format)[32m 0[2mms[22m[39m
 [32m✓[39m tests/migration-edge.test.ts[2m > [22mMigration Edge Cases[2m > [22mnormalizeContent[2m > [22mshould handle array of plain strings[32m 0[2mms[22m[39m
 [32m✓[39m tests/migration-edge.test.ts[2m > [22mMigration Edge Cases[2m > [22mnormalizeContent[2m > [22mshould return empty string for null/undefined[32m 0[2mms[22m[39m
 [32m✓[39m tests/migration-edge.test.ts[2m > [22mMigration Edge Cases[2m > [22mnormalizeContent[2m > [22mshould return empty string for non-text parts (functionCall)[32m 0[2mms[22m[39m
 [32m✓[39m tests/migration-edge.test.ts[2m > [22mMigration Edge Cases[2m > [22mnormalizeContent[2m > [22mshould handle mixed text and non-text parts[32m 0[2mms[22m[39m
 [32m✓[39m tests/migration-edge.test.ts[2m > [22mMigration Edge Cases[2m > [22mnormalizeContent[2m > [22mshould handle unicode content[32m 0[2mms[22m[39m
 [32m✓[39m tests/migration-edge.test.ts[2m > [22mMigration Edge Cases[2m > [22mnormalizeContent[2m > [22mshould handle number input[32m 0[2mms[22m[39m
 [32m✓[39m tests/migration-edge.test.ts[2m > [22mMigration Edge Cases[2m > [22mnormalizeContent[2m > [22mshould handle boolean input[32m 0[2mms[22m[39m
 [32m✓[39m tests/migration-edge.test.ts[2m > [22mMigration Edge Cases[2m > [22mcanHandle Auto-Detection[2m > [22mClaude: should match .jsonl extension[32m 0[2mms[22m[39m
 [32m✓[39m tests/migration-edge.test.ts[2m > [22mMigration Edge Cases[2m > [22mcanHandle Auto-Detection[2m > [22mClaude: should reject .json files[32m 0[2mms[22m[39m
 [32m✓[39m tests/migration-edge.test.ts[2m > [22mMigration Edge Cases[2m > [22mcanHandle Auto-Detection[2m > [22mGemini: should match .json files without openai/chatgpt[32m 0[2mms[22m[39m
 [32m✓[39m tests/migration-edge.test.ts[2m > [22mMigration Edge Cases[2m > [22mcanHandle Auto-Detection[2m > [22mGemini: should reject files with openai/chatgpt in path[32m 0[2mms[22m[39m
 [32m✓[39m tests/migration-edge.test.ts[2m > [22mMigration Edge Cases[2m > [22mcanHandle Auto-Detection[2m > [22mOpenAI: should match files with openai in path[32m 0[2mms[22m[39m
 [32m✓[39m tests/migration-edge.test.ts[2m > [22mMigration Edge Cases[2m > [22mcanHandle Auto-Detection[2m > [22mOpenAI: should match files with chatgpt in path[32m 0[2mms[22m[39m
 [32m✓[39m tests/migration-edge.test.ts[2m > [22mMigration Edge Cases[2m > [22mcanHandle Auto-Detection[2m > [22mOpenAI: should match regardless of extension[32m 0[2mms[22m[39m
 [32m✓[39m tests/migration-edge.test.ts[2m > [22mMigration Edge Cases[2m > [22mcanHandle Auto-Detection[2m > [22mNo adapter should match non-json/jsonl files without keywords[32m 0[2mms[22m[39m
 [32m✓[39m tests/migration-edge.test.ts[2m > [22mMigration Edge Cases[2m > [22mClaude Streaming Deduplication[2m > [22mshould handle assistant messages without message.id (no dedup)[32m 0[2mms[22m[39m
 [32m✓[39m tests/migration-edge.test.ts[2m > [22mMigration Edge Cases[2m > [22mClaude Streaming Deduplication[2m > [22mshould flush remaining assistant chunks at end of file[32m 0[2mms[22m[39m
 [32m✓[39m tests/migration-edge.test.ts[2m > [22mMigration Edge Cases[2m > [22mClaude Streaming Deduplication[2m > [22mshould keep the LAST chunk for each message.id[32m 0[2mms[22m[39m
 [32m✓[39m tests/migration-edge.test.ts[2m > [22mMigration Edge Cases[2m > [22mClaude Streaming Deduplication[2m > [22mshould handle multiple concurrent message.ids[32m 0[2mms[22m[39m
 [32m✓[39m tests/migration-edge.test.ts[2m > [22mMigration Edge Cases[2m > [22mOpenAI Tool Call Edge Cases[2m > [22mshould handle tool_calls with missing function name[32m 1[2mms[22m[39m
 [32m✓[39m tests/migration-edge.test.ts[2m > [22mMigration Edge Cases[2m > [22mOpenAI Tool Call Edge Cases[2m > [22mshould handle multiple tool calls on a single message[32m 1[2mms[22m[39m
 [32m✓[39m tests/migration-edge.test.ts[2m > [22mMigration Edge Cases[2m > [22mUniversal Importer Error Handling[2m > [22mshould throw on unrecognized format flag[32m 2[2mms[22m[39m
 [32m✓[39m tests/migration-edge.test.ts[2m > [22mMigration Edge Cases[2m > [22mUniversal Importer Error Handling[2m > [22mshould throw on unrecognized file extension without format flag[32m 1[2mms[22m[39m
 [32m✓[39m tests/migration-edge.test.ts[2m > [22mMigration Edge Cases[2m > [22mUniversal Importer Error Handling[2m > [22mshould use explicit --format over auto-detection[32m 4[2mms[22m[39m
 [32m✓[39m tests/migration-edge.test.ts[2m > [22mMigration Edge Cases[2m > [22mConversation Grouping[2m > [22mshould group turns within 30 min into one conversation[32m 1[2mms[22m[39m
 [32m✓[39m tests/migration-edge.test.ts[2m > [22mMigration Edge Cases[2m > [22mConversation Grouping[2m > [22mshould split turns with 30+ min gaps into separate conversations[32m 1[2mms[22m[39m
 [32m✓[39m tests/migration-edge.test.ts[2m > [22mMigration Edge Cases[2m > [22mConversation Grouping[2m > [22mshould skip duplicate conversations on re-import[32m 2[2mms[22m[39m
 [32m✓[39m tests/migration-edge.test.ts[2m > [22mMigration Edge Cases[2m > [22mConversation Grouping[2m > [22mshould preserve tools as keywords in summary entry[32m 1[2mms[22m[39m
 [32m✓[39m tests/migration-edge.test.ts[2m > [22mMigration Edge Cases[2m > [22mConversation Grouping[2m > [22mshould handle empty file gracefully with 0 conversations[32m 3[2mms[22m[39m
[90mstderr[2m | tests/load/hivemind.test.ts[2m > [22m[2mConcurrent Ledger Writes[2m > [22m[2mshould handle 50 sequential writes without errors
[22m[39m[Load] 50 sequential writes: 24ms (0.5ms per write)

 [32m✓[39m tests/deep-storage.test.ts[2m > [22mDeep Storage Mode — Dry Run[2m > [22mshould report eligible count without modifying data[32m 1[2mms[22m[39m
 [32m✓[39m tests/deep-storage.test.ts[2m > [22mDeep Storage Mode — Dry Run[2m > [22mshould count all projects when no project filter[32m 0[2mms[22m[39m
 [32m✓[39m tests/deep-storage.test.ts[2m > [22mDeep Storage Mode — Execute (Project-Scoped)[2m > [22mshould purge only eligible entries for the specified project[32m 0[2mms[22m[39m
 [32m✓[39m tests/deep-storage.test.ts[2m > [22mDeep Storage Mode — Execute (Project-Scoped)[2m > [22mshould NULL embedding but preserve embedding_compressed[32m 1[2mms[22m[39m
 [32m✓[39m tests/deep-storage.test.ts[2m > [22mDeep Storage Mode — Execute (Project-Scoped)[2m > [22mshould not affect non-eligible entries[32m 0[2mms[22m[39m
 [32m✓[39m tests/deep-storage.test.ts[2m > [22mDeep Storage Mode — Execute (Project-Scoped)[2m > [22mshould not affect entries in other projects[32m 0[2mms[22m[39m
 [32m✓[39m tests/deep-storage.test.ts[2m > [22mDeep Storage Mode — Safety Guards[2m > [22mshould reject olderThanDays < 7[32m 1[2mms[22m[39m
 [32m✓[39m tests/deep-storage.test.ts[2m > [22mDeep Storage Mode — Safety Guards[2m > [22mshould be idempotent (second purge finds 0 eligible)[32m 1[2mms[22m[39m
 [32m✓[39m tests/v42-sync-rules.test.ts[2m > [22mgetGraduatedInsights[2m > [22mreturns entries with importance >= 7[32m 2[2mms[22m[39m
 [32m✓[39m tests/v42-sync-rules.test.ts[2m > [22mgetGraduatedInsights[2m > [22mexcludes archived entries[32m 2[2mms[22m[39m
 [32m✓[39m tests/v42-sync-rules.test.ts[2m > [22mgetGraduatedInsights[2m > [22mexcludes soft-deleted entries[32m 1[2mms[22m[39m
 [32m✓[39m tests/v42-sync-rules.test.ts[2m > [22mgetGraduatedInsights[2m > [22mscopes by project — no cross-project leakage[32m 0[2mms[22m[39m
 [32m✓[39m tests/v42-sync-rules.test.ts[2m > [22mgetGraduatedInsights[2m > [22mreturns empty array when no graduated insights exist[32m 0[2mms[22m[39m
 [32m✓[39m tests/v42-sync-rules.test.ts[2m > [22mSentinel block formatting[2m > [22mappends sentinels to an empty file[32m 0[2mms[22m[39m
 [32m✓[39m tests/v42-sync-rules.test.ts[2m > [22mSentinel block formatting[2m > [22mappends sentinels to existing content[32m 0[2mms[22m[39m
 [32m✓[39m tests/v42-sync-rules.test.ts[2m > [22mSentinel block formatting[2m > [22mreplaces existing sentinel block (idempotent)[32m 0[2mms[22m[39m
 [32m✓[39m tests/v42-sync-rules.test.ts[2m > [22mSentinel block formatting[2m > [22mdouble-apply produces identical result (idempotency)[32m 0[2mms[22m[39m
 [32m✓[39m tests/v42-sync-rules.test.ts[2m > [22misKnowledgeSyncRulesArgs type guard[2m > [22maccepts valid args with only project[32m 0[2mms[22m[39m
 [32m✓[39m tests/v42-sync-rules.test.ts[2m > [22misKnowledgeSyncRulesArgs type guard[2m > [22maccepts valid args with all fields[32m 0[2mms[22m[39m
 [32m✓[39m tests/v42-sync-rules.test.ts[2m > [22misKnowledgeSyncRulesArgs type guard[2m > [22mrejects missing project[32m 0[2mms[22m[39m
 [32m✓[39m tests/v42-sync-rules.test.ts[2m > [22misKnowledgeSyncRulesArgs type guard[2m > [22mrejects null[32m 0[2mms[22m[39m
 [32m✓[39m tests/v42-sync-rules.test.ts[2m > [22misKnowledgeSyncRulesArgs type guard[2m > [22mrejects non-string project[32m 0[2mms[22m[39m
 [32m✓[39m tests/storage/sqlite.test.ts[2m > [22mDatabase Initialization[2m > [22mshould create all v3.0 tables[32m 1[2mms[22m[39m
 [32m✓[39m tests/storage/sqlite.test.ts[2m > [22mDatabase Initialization[2m > [22mshould have UNIQUE(project, user_id, role) on session_handoffs[32m 0[2mms[22m[39m
 [32m✓[39m tests/storage/sqlite.test.ts[2m > [22mLedger Entries (Role-Scoped)[2m > [22mshould save a ledger entry without role (backward compat)[32m 6[2mms[22m[39m
 [32m✓[39m tests/storage/sqlite.test.ts[2m > [22mLedger Entries (Role-Scoped)[2m > [22mshould save a role-scoped ledger entry[32m 0[2mms[22m[39m
 [32m✓[39m tests/storage/sqlite.test.ts[2m > [22mLedger Entries (Role-Scoped)[2m > [22mshould retrieve saved ledger entries[32m 12[2mms[22m[39m
 [32m✓[39m tests/storage/sqlite.test.ts[2m > [22mHandoff State (Role-Scoped)[2m > [22mshould save a global handoff (no role)[32m 0[2mms[22m[39m
 [32m✓[39m tests/storage/sqlite.test.ts[2m > [22mHandoff State (Role-Scoped)[2m > [22mshould save a role-scoped handoff alongside global[32m 0[2mms[22m[39m
 [32m✓[39m tests/storage/sqlite.test.ts[2m > [22mHandoff State (Role-Scoped)[2m > [22mshould load global context (default)[32m 1[2mms[22m[39m
 [32m✓[39m tests/storage/sqlite.test.ts[2m > [22mHandoff State (Role-Scoped)[2m > [22mshould load role-scoped context ('qa')[32m 0[2mms[22m[39m
 [32m✓[39m tests/storage/sqlite.test.ts[2m > [22mHandoff State (Role-Scoped)[2m > [22mshould upsert handoff for same project+role[32m 0[2mms[22m[39m
 [32m✓[39m tests/storage/sqlite.test.ts[2m > [22mHandoff State (Role-Scoped)[2m > [22mshould not affect global handoff when upserting QA[32m 0[2mms[22m[39m
 [32m✓[39m tests/storage/sqlite.test.ts[2m > [22mAgent Registry (Hivemind)[2m > [22mshould register a new agent[32m 0[2mms[22m[39m
 [32m✓[39m tests/storage/sqlite.test.ts[2m > [22mAgent Registry (Hivemind)[2m > [22mshould upsert on re-registration (same project+role)[32m 0[2mms[22m[39m
 [32m✓[39m tests/storage/sqlite.test.ts[2m > [22mAgent Registry (Hivemind)[2m > [22mshould support multiple agents with different roles[32m 1[2mms[22m[39m
 [32m✓[39m tests/storage/sqlite.test.ts[2m > [22mAgent Registry (Hivemind)[2m > [22mshould update agent heartbeat[32m 1[2mms[22m[39m
 [32m✓[39m tests/storage/sqlite.test.ts[2m > [22mAgent Registry (Hivemind)[2m > [22mshould deregister an agent[32m 1[2mms[22m[39m
 [32m✓[39m tests/storage/sqlite.test.ts[2m > [22mSystem Settings (Dashboard)[2m > [22mshould save and retrieve a single setting[32m 3[2mms[22m[39m
 [32m✓[39m tests/storage/sqlite.test.ts[2m > [22mSystem Settings (Dashboard)[2m > [22mshould upsert an existing setting[32m 1[2mms[22m[39m
 [32m✓[39m tests/storage/sqlite.test.ts[2m > [22mSystem Settings (Dashboard)[2m > [22mshould return null for non-existent settings[32m 0[2mms[22m[39m
 [32m✓[39m tests/storage/sqlite.test.ts[2m > [22mSystem Settings (Dashboard)[2m > [22mshould save and retrieve all settings[32m 0[2mms[22m[39m
 [32m✓[39m tests/tools/definitions.test.ts[2m > [22misSessionSaveLedgerArgs[2m > [22mshould accept valid args with required fields only[32m 1[2mms[22m[39m
 [32m✓[39m tests/tools/definitions.test.ts[2m > [22misSessionSaveLedgerArgs[2m > [22mshould accept valid args with all optional fields[32m 0[2mms[22m[39m
 [32m✓[39m tests/tools/definitions.test.ts[2m > [22misSessionSaveLedgerArgs[2m > [22mshould allow role access after type narrowing (v3.0)[32m 0[2mms[22m[39m
 [32m✓[39m tests/tools/definitions.test.ts[2m > [22misSessionSaveLedgerArgs[2m > [22mshould reject args without project[32m 0[2mms[22m[39m
 [32m✓[39m tests/tools/definitions.test.ts[2m > [22misSessionSaveLedgerArgs[2m > [22mshould reject args with non-string summary[32m 0[2mms[22m[39m
 [32m✓[39m tests/tools/definitions.test.ts[2m > [22misSessionSaveLedgerArgs[2m > [22mshould reject null and undefined[32m 0[2mms[22m[39m
 [32m✓[39m tests/tools/definitions.test.ts[2m > [22misSessionSaveHandoffArgs[2m > [22mshould accept args with only project[32m 0[2mms[22m[39m
 [32m✓[39m tests/tools/definitions.test.ts[2m > [22misSessionSaveHandoffArgs[2m > [22mshould accept args with role and expected_version[32m 0[2mms[22m[39m
 [32m✓[39m tests/tools/definitions.test.ts[2m > [22misSessionSaveHandoffArgs[2m > [22mshould allow role access after narrowing (v3.0)[32m 0[2mms[22m[39m
 [32m✓[39m tests/tools/definitions.test.ts[2m > [22misSessionSaveHandoffArgs[2m > [22mshould reject args without project[32m 0[2mms[22m[39m
 [32m✓[39m tests/tools/definitions.test.ts[2m > [22misSessionLoadContextArgs[2m > [22mshould accept args with project only[32m 0[2mms[22m[39m
 [32m✓[39m tests/tools/definitions.test.ts[2m > [22misSessionLoadContextArgs[2m > [22mshould accept args with level and role (v3.0)[32m 0[2mms[22m[39m
 [32m✓[39m tests/tools/definitions.test.ts[2m > [22misSessionLoadContextArgs[2m > [22mshould allow role access after narrowing (v3.0)[32m 0[2mms[22m[39m
 [32m✓[39m tests/tools/definitions.test.ts[2m > [22mAgent Registry Tool Schemas[2m > [22magent_register should have correct schema[32m 0[2mms[22m[39m
 [32m✓[39m tests/tools/definitions.test.ts[2m > [22mAgent Registry Tool Schemas[2m > [22magent_heartbeat should have correct schema[32m 0[2mms[22m[39m
 [32m✓[39m tests/tools/definitions.test.ts[2m > [22mAgent Registry Tool Schemas[2m > [22magent_list_team should have correct schema[32m 0[2mms[22m[39m
 [32m✓[39m tests/tools/definitions.test.ts[2m > [22mRole Icons[2m > [22mshould have icons for all built-in roles[32m 0[2mms[22m[39m
 [32m✓[39m tests/tools/definitions.test.ts[2m > [22mRole Icons[2m > [22mshould return default icon for unknown roles[32m 0[2mms[22m[39m
 [32m✓[39m tests/tools/definitions.test.ts[2m > [22mRole Icons[2m > [22mshould return specific icons for known roles[32m 0[2mms[22m[39m
 [32m✓[39m tests/tools/definitions.test.ts[2m > [22misSessionExportMemoryArgs[2m > [22maccepts minimal valid args (output_dir only)[32m 0[2mms[22m[39m
 [32m✓[39m tests/tools/definitions.test.ts[2m > [22misSessionExportMemoryArgs[2m > [22maccepts full args (project + format + output_dir)[32m 0[2mms[22m[39m
 [32m✓[39m tests/tools/definitions.test.ts[2m > [22misSessionExportMemoryArgs[2m > [22maccepts markdown format[32m 0[2mms[22m[39m
 [32m✓[39m tests/tools/definitions.test.ts[2m > [22misSessionExportMemoryArgs[2m > [22mrejects missing output_dir[32m 0[2mms[22m[39m
 [32m✓[39m tests/tools/definitions.test.ts[2m > [22misSessionExportMemoryArgs[2m > [22mrejects output_dir that is a number, not a string[32m 0[2mms[22m[39m
 [32m✓[39m tests/tools/definitions.test.ts[2m > [22misSessionExportMemoryArgs[2m > [22mrejects output_dir that is null[32m 0[2mms[22m[39m
 [32m✓[39m tests/tools/definitions.test.ts[2m > [22misSessionExportMemoryArgs[2m > [22mrejects null args[32m 0[2mms[22m[39m
 [32m✓[39m tests/tools/definitions.test.ts[2m > [22misSessionExportMemoryArgs[2m > [22mrejects undefined args[32m 0[2mms[22m[39m
 [32m✓[39m tests/tools/definitions.test.ts[2m > [22misSessionExportMemoryArgs[2m > [22mrejects a plain string (the path itself, not an args object)[32m 0[2mms[22m[39m
 [32m✓[39m tests/tools/definitions.test.ts[2m > [22misSessionExportMemoryArgs[2m > [22mallows project to be omitted (exports all projects when absent)[32m 0[2mms[22m[39m
 [32m✓[39m tests/tools/definitions.test.ts[2m > [22misSessionExportMemoryArgs[2m > [22mallows output_dir access after type narrowing[32m 0[2mms[22m[39m
 [32m✓[39m tests/tools/definitions.test.ts[2m > [22mSESSION_EXPORT_MEMORY_TOOL schema shape[2m > [22mname is 'session_export_memory' (matches server.ts routing switch-case)[32m 0[2mms[22m[39m
 [32m✓[39m tests/tools/definitions.test.ts[2m > [22mSESSION_EXPORT_MEMORY_TOOL schema shape[2m > [22mdescription mentions GDPR Article 20 (data portability compliance reference)[32m 0[2mms[22m[39m
 [32m✓[39m tests/tools/definitions.test.ts[2m > [22mSESSION_EXPORT_MEMORY_TOOL schema shape[2m > [22mdescription mentions both 'json' and 'markdown' export formats[32m 0[2mms[22m[39m
 [32m✓[39m tests/tools/definitions.test.ts[2m > [22mSESSION_EXPORT_MEMORY_TOOL schema shape[2m > [22minputSchema.type is 'object'[32m 0[2mms[22m[39m
 [32m✓[39m tests/tools/definitions.test.ts[2m > [22mSESSION_EXPORT_MEMORY_TOOL schema shape[2m > [22monly 'output_dir' is in inputSchema.required (project and format are optional)[32m 0[2mms[22m[39m
 [32m✓[39m tests/tools/definitions.test.ts[2m > [22mSESSION_EXPORT_MEMORY_TOOL schema shape[2m > [22mformat property has enum ['json', 'markdown'] and default 'json'[32m 0[2mms[22m[39m
 [32m✓[39m tests/tools/definitions.test.ts[2m > [22mSESSION_EXPORT_MEMORY_TOOL schema shape[2m > [22moutput_dir property type is 'string'[32m 0[2mms[22m[39m
 [32m✓[39m tests/tools/definitions.test.ts[2m > [22mSESSION_EXPORT_MEMORY_TOOL schema shape[2m > [22mproject property is defined in properties (present but optional)[32m 0[2mms[22m[39m
 [32m✓[39m tests/tools/definitions.test.ts[2m > [22misSessionForgetMemoryArgs[2m > [22maccepts minimal valid args (memory_id only — the only required field)[32m 0[2mms[22m[39m
 [32m✓[39m tests/tools/definitions.test.ts[2m > [22misSessionForgetMemoryArgs[2m > [22maccepts full args (memory_id + hard_delete + reason)[32m 0[2mms[22m[39m
 [32m✓[39m tests/tools/definitions.test.ts[2m > [22misSessionForgetMemoryArgs[2m > [22maccepts args with hard_delete: false (soft-delete, the default case)[32m 0[2mms[22m[39m
 [32m✓[39m tests/tools/definitions.test.ts[2m > [22misSessionForgetMemoryArgs[2m > [22mrejects missing memory_id (empty object)[32m 0[2mms[22m[39m
 [32m✓[39m tests/tools/definitions.test.ts[2m > [22misSessionForgetMemoryArgs[2m > [22mrejects memory_id that is a number, not a string[32m 0[2mms[22m[39m
 [32m✓[39m tests/tools/definitions.test.ts[2m > [22misSessionForgetMemoryArgs[2m > [22mrejects memory_id that is null[32m 0[2mms[22m[39m
 [32m✓[39m tests/tools/definitions.test.ts[2m > [22misSessionForgetMemoryArgs[2m > [22mrejects memory_id that is a boolean[32m 0[2mms[22m[39m
 [32m✓[39m tests/tools/definitions.test.ts[2m > [22misSessionForgetMemoryArgs[2m > [22mrejects null args entirely[32m 0[2mms[22m[39m
 [32m✓[39m tests/tools/definitions.test.ts[2m > [22misSessionForgetMemoryArgs[2m > [22mrejects undefined args entirely[32m 0[2mms[22m[39m
 [32m✓[39m tests/tools/definitions.test.ts[2m > [22misSessionForgetMemoryArgs[2m > [22mrejects a plain string (UUID passed directly instead of wrapped object)[32m 0[2mms[22m[39m
 [32m✓[39m tests/tools/definitions.test.ts[2m > [22misSessionForgetMemoryArgs[2m > [22mconfirms memory_id is accessible after type narrowing (TypeScript guard contract)[32m 0[2mms[22m[39m
 [32m✓[39m tests/load/hivemind.test.ts[2m > [22mConcurrent Ledger Writes[2m > [22mshould handle 50 sequential writes without errors[32m 25[2mms[22m[39m
 [32m✓[39m tests/load/hivemind.test.ts[2m > [22mConcurrent Handoff Upserts[2m > [22mshould handle parallel handoff saves from different roles[32m 5[2mms[22m[39m
 [32m✓[39m tests/load/hivemind.test.ts[2m > [22mConcurrent Handoff Upserts[2m > [22mshould handle rapid upserts for same role without duplicates[32m 3[2mms[22m[39m
 [32m✓[39m tests/load/hivemind.test.ts[2m > [22mAgent Registry Storm[2m > [22mshould handle parallel registrations[32m 3[2mms[22m[39m
 [32m✓[39m tests/load/hivemind.test.ts[2m > [22mAgent Registry Storm[2m > [22mshould handle rapid heartbeats without errors[32m 3[2mms[22m[39m
 [32m✓[39m tests/load/hivemind.test.ts[2m > [22mMixed Workload[2m > [22mshould handle interleaved reads and writes[32m 6[2mms[22m[39m
 [32m✓[39m tests/load/hivemind.test.ts[2m > [22mSettings Write Storm[2m > [22mshould handle rapid setting toggles[32m 29[2mms[22m[39m
 [32m✓[39m tests/load/hivemind.test.ts[2m > [22mSettings Write Storm[2m > [22mshould handle parallel writes to different keys[32m 10[2mms[22m[39m
 [32m✓[39m tests/turboquant.test.ts[2m > [22mRotation Matrix (QR)[2m > [22mis deterministic with same seed[32m 17[2mms[22m[39m
 [32m✓[39m tests/turboquant.test.ts[2m > [22mRotation Matrix (QR)[2m > [22mdifferent seeds produce different matrices[32m 2[2mms[22m[39m
 [32m✓[39m tests/turboquant.test.ts[2m > [22mRotation Matrix (QR)[2m > [22mpreserves vector norms (orthogonal rotation)[32m 2[2mms[22m[39m
 [32m✓[39m tests/turboquant.test.ts[2m > [22mCompress + Serialize Roundtrip[2m > [22mserialize → deserialize preserves all fields[32m 2[2mms[22m[39m
 [32m✓[39m tests/turboquant.test.ts[2m > [22mCompress + Serialize Roundtrip[2m > [22msimilarity is preserved through serialize/deserialize cycle[32m 0[2mms[22m[39m
 [32m✓[39m tests/turboquant.test.ts[2m > [22mCompress + Serialize Roundtrip[2m > [22mdeterministic: same input + same seed → identical output[32m 0[2mms[22m[39m
 [32m✓[39m tests/turboquant.test.ts[2m > [22mSimilarity Preservation[2m > [22masymmetric cosine similarity correlates >0.85 with true similarity (4-bit, d=128)[32m 13[2mms[22m[39m
 [32m✓[39m tests/turboquant.test.ts[2m > [22mSimilarity Preservation[2m > [22masymmetric cosine similarity correlates >0.75 with true similarity (3-bit, d=128)[32m 13[2mms[22m[39m
 [32m✓[39m tests/turboquant.test.ts[2m > [22mQJL Zero-Bias Invariant[2m > [22mmean bias of asymmetric estimator < 0.05 across 200 random pairs[32m 28[2mms[22m[39m
 [32m✓[39m tests/storage/isolation.test.ts[2m > [22mSqliteStorage — concurrent instance isolation[2m > [22mtwo concurrent instances get distinct DB paths[32m 73[2mms[22m[39m
 [32m✓[39m tests/storage/isolation.test.ts[2m > [22mSqliteStorage — concurrent instance isolation[2m > [22m5 concurrent instances have fully isolated data[32m 107[2mms[22m[39m
 [32m✓[39m tests/storage/isolation.test.ts[2m > [22mSqliteStorage — concurrent instance isolation[2m > [22mcreateTestDb() produces independent isolated instances[32m 44[2mms[22m[39m
[90mstderr[2m | tests/llm/factory.test.ts[2m > [22m[2mLLM Provider Factory — Split Architecture[2m > [22m[2mfalls back to Gemini+Gemini when text adapter throws on init
[22m[39m[vitest] The vi.fn() mock did not use 'function' or 'class' in its implementation, see https://vitest.dev/api/vi#vi-spyon for examples.

 [32m✓[39m tests/llm/factory.test.ts[2m > [22mLLM Provider Factory — Split Architecture[2m > [22mdefaults to Gemini+Gemini when no settings are configured[32m 1[2mms[22m[39m
 [32m✓[39m tests/llm/factory.test.ts[2m > [22mLLM Provider Factory — Split Architecture[2m > [22mGemini + auto → both methods use GeminiAdapter[32m 0[2mms[22m[39m
 [32m✓[39m tests/llm/factory.test.ts[2m > [22mLLM Provider Factory — Split Architecture[2m > [22mOpenAI + auto → both methods use OpenAIAdapter[32m 0[2mms[22m[39m
 [32m✓[39m tests/llm/factory.test.ts[2m > [22mLLM Provider Factory — Split Architecture[2m > [22mAnthropic + auto → AnthropicAdapter for text, GeminiAdapter for embeddings[32m 1[2mms[22m[39m
 [32m✓[39m tests/llm/factory.test.ts[2m > [22mLLM Provider Factory — Split Architecture[2m > [22mAnthropic text + OpenAI embeddings → AnthropicAdapter + OpenAIAdapter[32m 0[2mms[22m[39m
 [32m✓[39m tests/llm/factory.test.ts[2m > [22mLLM Provider Factory — Split Architecture[2m > [22mGemini text + explicit OpenAI embeddings → split adapter[32m 0[2mms[22m[39m
 [32m✓[39m tests/llm/factory.test.ts[2m > [22mLLM Provider Factory — Split Architecture[2m > [22mreturns the same singleton on repeated calls[32m 0[2mms[22m[39m
 [32m✓[39m tests/llm/factory.test.ts[2m > [22mLLM Provider Factory — Split Architecture[2m > [22mfalls back to Gemini+Gemini when text adapter throws on init[32m 1[2mms[22m[39m
 [32m✓[39m tests/llm/factory.test.ts[2m > [22mLLM Provider Factory — Split Architecture[2m > [22m_resetLLMProvider() forces re-initialisation on next call[32m 0[2mms[22m[39m
 [32m✓[39m tests/llm/imageCaptioner.test.ts[2m > [22mImageCaptioner — fireCaptionAsync pipeline[2m > [22mruns the full pipeline: VLM → handoff patch → ledger → embedding[32m 103[2mms[22m[39m
 [32m✓[39m tests/llm/imageCaptioner.test.ts[2m > [22mImageCaptioner — fireCaptionAsync pipeline[2m > [22mskips captioning gracefully when provider has no VLM method[32m 102[2mms[22m[39m
[90mstderr[2m | tests/llm/imageCaptioner.test.ts[2m > [22m[2mImageCaptioner — fireCaptionAsync pipeline[2m > [22m[2mskips when Anthropic provider and file > 5MB
[22m[39m[ImageCaptioner] Image [abc12345] is 6.0MB, exceeding the anthropic VLM limit (5MB). Captioning skipped. Switch Embedding Provider to Gemini/OpenAI to caption larger images.

[90mstderr[2m | tests/scholar/webScholar.test.ts[2m > [22m[2mWeb Scholar — Reentrancy Guard[2m > [22m[2mshould release the lock on pipeline failure
[22m[39m[WebScholar] Pipeline failed: Error: Brave API timeout
    at [90m/Users/admin/prism/[39mtests/scholar/webScholar.test.ts:178:30
    at [90mfile:///Users/admin/prism/[39mnode_modules/[4m@vitest/runner[24m/dist/chunk-artifact.js:1893:20

[90mstderr[2m | tests/scholar/webScholar.test.ts[2m > [22m[2mWeb Scholar — Reentrancy Guard[2m > [22m[2mshould skip when API keys are missing
[22m[39m[WebScholar] Pipeline failed: TypeError: response.text is not a function
    at searchYahooFree [90m(/Users/admin/prism/[39msrc/scholar/freeSearch.ts:37:33[90m)[39m
    at Module.runWebScholar [90m(/Users/admin/prism/[39msrc/scholar/webScholar.ts:184:26[90m)[39m
    at [90m/Users/admin/prism/[39mtests/scholar/webScholar.test.ts:200:5
    at [90mfile:///Users/admin/prism/[39mnode_modules/[4m@vitest/runner[24m/dist/chunk-artifact.js:1893:20

[90mstderr[2m | tests/scholar/webScholar.test.ts[2m > [22m[2mWeb Scholar — Task-Aware Topic Selection[2m > [22m[2mshould bias toward topics matching active agent tasks
[22m[39m[WebScholar] 🐝 TELEPATHY: New research on "authentication" — 2 articles synthesized. Active agents will see results in knowledge search.

[90mstderr[2m | tests/scholar/webScholar.test.ts[2m > [22m[2mWeb Scholar — Task-Aware Topic Selection[2m > [22m[2mshould fall back to random when no active agents
[22m[39m[WebScholar] 🐝 TELEPATHY: New research on "ai" — 2 articles synthesized. Active agents will see results in knowledge search.

[90mstderr[2m | tests/scholar/webScholar.test.ts[2m > [22m[2mWeb Scholar — Task-Aware Topic Selection[2m > [22m[2mshould fall back to random when storage throws
[22m[39m[WebScholar] 🐝 TELEPATHY: New research on "security" — 2 articles synthesized. Active agents will see results in knowledge search.

[90mstderr[2m | tests/scholar/webScholar.test.ts[2m > [22m[2mWeb Scholar — Hivemind Lifecycle[2m > [22m[2mshould register, heartbeat, and idle when Hivemind is enabled
[22m[39m[WebScholar] 🐝 TELEPATHY: New research on "ai" — 2 articles synthesized. Active agents will see results in knowledge search.

 [32m✓[39m tests/llm/imageCaptioner.test.ts[2m > [22mImageCaptioner — fireCaptionAsync pipeline[2m > [22mskips captioning when vault file does not exist[32m 102[2mms[22m[39m
[90mstderr[2m | tests/scholar/webScholar.test.ts[2m > [22m[2mWeb Scholar — Hivemind Lifecycle[2m > [22m[2mshould report accurate pipeline stage in heartbeats
[22m[39m[WebScholar] 🐝 TELEPATHY: New research on "ai" — 2 articles synthesized. Active agents will see results in knowledge search.

 [32m✓[39m tests/scholar/webScholar.test.ts[2m > [22mWeb Scholar — Reentrancy Guard[2m > [22mshould reject concurrent calls while pipeline is running[32m 54[2mms[22m[39m
 [32m✓[39m tests/scholar/webScholar.test.ts[2m > [22mWeb Scholar — Reentrancy Guard[2m > [22mshould release the lock on pipeline failure[32m 2[2mms[22m[39m
 [32m✓[39m tests/scholar/webScholar.test.ts[2m > [22mWeb Scholar — Reentrancy Guard[2m > [22mshould skip when API keys are missing[32m 1[2mms[22m[39m
 [32m✓[39m tests/scholar/webScholar.test.ts[2m > [22mWeb Scholar — Task-Aware Topic Selection[2m > [22mshould select from configured topics when Hivemind is off[32m 0[2mms[22m[39m
 [32m✓[39m tests/scholar/webScholar.test.ts[2m > [22mWeb Scholar — Task-Aware Topic Selection[2m > [22mshould bias toward topics matching active agent tasks[32m 0[2mms[22m[39m
 [32m✓[39m tests/scholar/webScholar.test.ts[2m > [22mWeb Scholar — Task-Aware Topic Selection[2m > [22mshould fall back to random when no active agents[32m 0[2mms[22m[39m
 [32m✓[39m tests/scholar/webScholar.test.ts[2m > [22mWeb Scholar — Task-Aware Topic Selection[2m > [22mshould fall back to random when storage throws[32m 0[2mms[22m[39m
 [32m✓[39m tests/scholar/webScholar.test.ts[2m > [22mWeb Scholar — Hivemind Lifecycle[2m > [22mshould not call Hivemind APIs when disabled[32m 0[2mms[22m[39m
 [32m✓[39m tests/scholar/webScholar.test.ts[2m > [22mWeb Scholar — Hivemind Lifecycle[2m > [22mshould register, heartbeat, and idle when Hivemind is enabled[32m 1[2mms[22m[39m
 [31m×[39m tests/scholar/webScholar.test.ts[2m > [22mWeb Scholar — Hivemind Lifecycle[2m > [22mshould report accurate pipeline stage in heartbeats[32m 1[2mms[22m[39m
[31m   → expected false to be true // Object.is equality[39m
[90mstderr[2m | tests/llm/imageCaptioner.test.ts[2m > [22m[2mImageCaptioner — fireCaptionAsync pipeline[2m > [22m[2mstill saves ledger entry even if handoff OCC fails twice
[22m[39m[ImageCaptioner] Could not patch handoff for [abc12345] after 2 attempts. Caption is still saved in the ledger and will surface via semantic search.

[90mstderr[2m | tests/tools/sessionExportMemory.test.ts[2m > [22m[2msessionExportMemoryHandler — session_export_memory[2m > [22m[2mError handling[2m > [22m[2mgetLedgerEntries throws → isError=true with error message, never throws
[22m[39m[session_export_memory] Error: DB connection refused

[90mstderr[2m | tests/tools/sessionExportMemory.test.ts[2m > [22m[2msessionExportMemoryHandler — session_export_memory[2m > [22m[2mError handling[2m > [22m[2mgetAllSettings throws → isError=true, handler does not throw
[22m[39m[session_export_memory] Error: Settings table missing

[90mstderr[2m | tests/tools/sessionExportMemory.test.ts[2m > [22m[2msessionExportMemoryHandler — session_export_memory[2m > [22m[2mError handling[2m > [22m[2mhandler NEVER throws — always resolves with a result object
[22m[39m[session_export_memory] Error: disk full

 [32m✓[39m tests/tools/sessionExportMemory.test.ts[2m > [22msessionExportMemoryHandler — session_export_memory[2m > [22mJSON export — happy path[2m > [22mwrites a .json file to output_dir with the prism-export-<project>-<date>.json name[32m 3[2mms[22m[39m
 [32m✓[39m tests/tools/sessionExportMemory.test.ts[2m > [22msessionExportMemoryHandler — session_export_memory[2m > [22mJSON export — happy path[2m > [22mwrites valid JSON that round-trips through JSON.parse[32m 2[2mms[22m[39m
 [32m✓[39m tests/tools/sessionExportMemory.test.ts[2m > [22msessionExportMemoryHandler — session_export_memory[2m > [22mJSON export — happy path[2m > [22mroot key is 'prism_export' and version is '4.5'[32m 1[2mms[22m[39m
 [32m✓[39m tests/tools/sessionExportMemory.test.ts[2m > [22msessionExportMemoryHandler — session_export_memory[2m > [22mJSON export — happy path[2m > [22mJSON contains handoff.last_summary and handoff.active_branch[32m 1[2mms[22m[39m
 [32m✓[39m tests/tools/sessionExportMemory.test.ts[2m > [22msessionExportMemoryHandler — session_export_memory[2m > [22mJSON export — happy path[2m > [22mJSON contains the ledger array with correct summary[32m 1[2mms[22m[39m
 [32m✓[39m tests/tools/sessionExportMemory.test.ts[2m > [22msessionExportMemoryHandler — session_export_memory[2m > [22mJSON export — happy path[2m > [22mJSON contains visual_memory index with image id and VLM caption[32m 1[2mms[22m[39m
 [32m✓[39m tests/tools/sessionExportMemory.test.ts[2m > [22msessionExportMemoryHandler — session_export_memory[2m > [22mJSON export — happy path[2m > [22msuccess message contains the output file path and API-redaction caveat[32m 1[2mms[22m[39m
 [32m✓[39m tests/tools/sessionExportMemory.test.ts[2m > [22msessionExportMemoryHandler — session_export_memory[2m > [22mJSON export — happy path[2m > [22mdefaults to JSON when 'format' arg is omitted (.json file written, no .md)[32m 1[2mms[22m[39m
 [32m✓[39m tests/tools/sessionExportMemory.test.ts[2m > [22msessionExportMemoryHandler — session_export_memory[2m > [22mMarkdown export — happy path[2m > [22mwrites a .md file with correct filename[32m 1[2mms[22m[39m
 [32m✓[39m tests/tools/sessionExportMemory.test.ts[2m > [22msessionExportMemoryHandler — session_export_memory[2m > [22mMarkdown export — happy path[2m > [22mMarkdown H1 contains the project name[32m 1[2mms[22m[39m
 [32m✓[39m tests/tools/sessionExportMemory.test.ts[2m > [22msessionExportMemoryHandler — session_export_memory[2m > [22mMarkdown export — happy path[2m > [22mMarkdown settings section has Key/Value table and includes safe setting rows[32m 1[2mms[22m[39m
 [32m✓[39m tests/tools/sessionExportMemory.test.ts[2m > [22msessionExportMemoryHandler — session_export_memory[2m > [22mMarkdown export — happy path[2m > [22mMarkdown handoff section contains fenced JSON block with branch name[32m 1[2mms[22m[39m
 [32m✓[39m tests/tools/sessionExportMemory.test.ts[2m > [22msessionExportMemoryHandler — session_export_memory[2m > [22mMarkdown export — happy path[2m > [22mMarkdown visual memory section includes image description and VLM caption[32m 1[2mms[22m[39m
 [32m✓[39m tests/tools/sessionExportMemory.test.ts[2m > [22msessionExportMemoryHandler — session_export_memory[2m > [22mMarkdown export — happy path[2m > [22mMarkdown ledger section contains entry summary, decisions, and todo checkboxes[32m 1[2mms[22m[39m
 [32m✓[39m tests/tools/sessionExportMemory.test.ts[2m > [22msessionExportMemoryHandler — session_export_memory[2m > [22mMarkdown export — happy path[2m > [22mMarkdown ledger entry includes files_changed line[32m 1[2mms[22m[39m
 [32m✓[39m tests/tools/sessionExportMemory.test.ts[2m > [22msessionExportMemoryHandler — session_export_memory[2m > [22mMarkdown export — happy path[2m > [22mMarkdown omits visual memory section when visual_memory is empty[32m 1[2mms[22m[39m
 [32m✓[39m tests/tools/sessionExportMemory.test.ts[2m > [22msessionExportMemoryHandler — session_export_memory[2m > [22mAPI key redaction[2m > [22mredacts _api_key suffix (gemini_api_key, openai_api_key)[32m 1[2mms[22m[39m
 [32m✓[39m tests/tools/sessionExportMemory.test.ts[2m > [22msessionExportMemoryHandler — session_export_memory[2m > [22mAPI key redaction[2m > [22mredacts _secret suffix (webhook_secret)[32m 0[2mms[22m[39m
 [32m✓[39m tests/tools/sessionExportMemory.test.ts[2m > [22msessionExportMemoryHandler — session_export_memory[2m > [22mAPI key redaction[2m > [22mredacts exact key 'password'[32m 0[2mms[22m[39m
 [32m✓[39m tests/tools/sessionExportMemory.test.ts[2m > [22msessionExportMemoryHandler — session_export_memory[2m > [22mAPI key redaction[2m > [22mdoes NOT redact safe settings (theme, autoload_projects, providers)[32m 0[2mms[22m[39m
 [32m✓[39m tests/tools/sessionExportMemory.test.ts[2m > [22msessionExportMemoryHandler — session_export_memory[2m > [22mAPI key redaction[2m > [22mredacts SCREAMING_SNAKE_CASE API keys (case-insensitive /i flag)[32m 0[2mms[22m[39m
 [32m✓[39m tests/tools/sessionExportMemory.test.ts[2m > [22msessionExportMemoryHandler — session_export_memory[2m > [22mAPI key redaction[2m > [22ma key with 'api_key' in the middle but not at the end is NOT redacted[32m 0[2mms[22m[39m
 [32m✓[39m tests/tools/sessionExportMemory.test.ts[2m > [22msessionExportMemoryHandler — session_export_memory[2m > [22mEmbedding vector stripping[2m > [22mexported ledger entries do NOT contain the 'embedding' field[32m 1[2mms[22m[39m
 [32m✓[39m tests/tools/sessionExportMemory.test.ts[2m > [22msessionExportMemoryHandler — session_export_memory[2m > [22mEmbedding vector stripping[2m > [22mall other ledger fields are preserved after embedding strip[32m 1[2mms[22m[39m
 [32m✓[39m tests/tools/sessionExportMemory.test.ts[2m > [22msessionExportMemoryHandler — session_export_memory[2m > [22mEmbedding vector stripping[2m > [22mentries with no 'embedding' field don't crash (new project, no backfill yet)[32m 0[2mms[22m[39m
 [32m✓[39m tests/tools/sessionExportMemory.test.ts[2m > [22msessionExportMemoryHandler — session_export_memory[2m > [22mMulti-project export (project arg omitted)[2m > [22mcreates one file per project[32m 1[2mms[22m[39m
 [32m✓[39m tests/tools/sessionExportMemory.test.ts[2m > [22msessionExportMemoryHandler — session_export_memory[2m > [22mMulti-project export (project arg omitted)[2m > [22msuccess message names all exported projects[32m 1[2mms[22m[39m
 [32m✓[39m tests/tools/sessionExportMemory.test.ts[2m > [22msessionExportMemoryHandler — session_export_memory[2m > [22mMulti-project export (project arg omitted)[2m > [22mgetAllSettings called exactly ONCE regardless of project count (perf invariant)[32m 1[2mms[22m[39m
 [32m✓[39m tests/tools/sessionExportMemory.test.ts[2m > [22msessionExportMemoryHandler — session_export_memory[2m > [22mMulti-project export (project arg omitted)[2m > [22mloadContext called once per project with positional (project, 'deep', PRISM_USER_ID)[32m 1[2mms[22m[39m
 [32m✓[39m tests/tools/sessionExportMemory.test.ts[2m > [22msessionExportMemoryHandler — session_export_memory[2m > [22mEdge cases — empty/null data[2m > [22mhandoff === null (no previous session) → JSON field is null, no crash[32m 1[2mms[22m[39m
 [32m✓[39m tests/tools/sessionExportMemory.test.ts[2m > [22msessionExportMemoryHandler — session_export_memory[2m > [22mEdge cases — empty/null data[2m > [22mempty ledger → exported as [] without crash[32m 0[2mms[22m[39m
 [32m✓[39m tests/tools/sessionExportMemory.test.ts[2m > [22msessionExportMemoryHandler — session_export_memory[2m > [22mEdge cases — empty/null data[2m > [22mhandoff has no metadata field → visual_memory defaults to [][32m 1[2mms[22m[39m
 [32m✓[39m tests/tools/sessionExportMemory.test.ts[2m > [22msessionExportMemoryHandler — session_export_memory[2m > [22mEdge cases — empty/null data[2m > [22mlistProjects returns [] → returns friendly 'nothing to export' message[32m 0[2mms[22m[39m
 [32m✓[39m tests/tools/sessionExportMemory.test.ts[2m > [22msessionExportMemoryHandler — session_export_memory[2m > [22mError handling[2m > [22moutput_dir does not exist → isError=true with path in message[32m 0[2mms[22m[39m
 [32m✓[39m tests/tools/sessionExportMemory.test.ts[2m > [22msessionExportMemoryHandler — session_export_memory[2m > [22mError handling[2m > [22mgetLedgerEntries throws → isError=true with error message, never throws[32m 1[2mms[22m[39m
 [32m✓[39m tests/tools/sessionExportMemory.test.ts[2m > [22msessionExportMemoryHandler — session_export_memory[2m > [22mError handling[2m > [22mgetAllSettings throws → isError=true, handler does not throw[32m 1[2mms[22m[39m
 [32m✓[39m tests/tools/sessionExportMemory.test.ts[2m > [22msessionExportMemoryHandler — session_export_memory[2m > [22mError handling[2m > [22mhandler NEVER throws — always resolves with a result object[32m 0[2mms[22m[39m
 [32m✓[39m tests/tools/sessionExportMemory.test.ts[2m > [22msessionExportMemoryHandler — session_export_memory[2m > [22mType guard / argument validation[2m > [22moutput_dir missing → isError=true, output_dir mentioned in message[32m 0[2mms[22m[39m
 [32m✓[39m tests/tools/sessionExportMemory.test.ts[2m > [22msessionExportMemoryHandler — session_export_memory[2m > [22mType guard / argument validation[2m > [22margs is null → isError=true[32m 0[2mms[22m[39m
 [32m✓[39m tests/tools/sessionExportMemory.test.ts[2m > [22msessionExportMemoryHandler — session_export_memory[2m > [22mType guard / argument validation[2m > [22margs is a plain string → isError=true[32m 0[2mms[22m[39m
 [32m✓[39m tests/tools/sessionExportMemory.test.ts[2m > [22msessionExportMemoryHandler — session_export_memory[2m > [22mType guard / argument validation[2m > [22moutput_dir is a number, not a string → isError=true[32m 0[2mms[22m[39m
 [32m✓[39m tests/tools/sessionExportMemory.test.ts[2m > [22msessionExportMemoryHandler — session_export_memory[2m > [22mType guard / argument validation[2m > [22minvalid args → no storage calls made (no unnecessary side-effects)[32m 0[2mms[22m[39m
 [32m✓[39m tests/tools/sessionExportMemory.test.ts[2m > [22msessionExportMemoryHandler — session_export_memory[2m > [22mStorage call shape correctness[2m > [22mgetLedgerEntries called with { project } object[32m 1[2mms[22m[39m
 [32m✓[39m tests/tools/sessionExportMemory.test.ts[2m > [22msessionExportMemoryHandler — session_export_memory[2m > [22mStorage call shape correctness[2m > [22mloadContext called with positional (project, 'deep', PRISM_USER_ID)[32m 0[2mms[22m[39m
 [32m✓[39m tests/tools/sessionExportMemory.test.ts[2m > [22msessionExportMemoryHandler — session_export_memory[2m > [22mStorage call shape correctness[2m > [22mlistProjects NOT called when project is explicitly specified[32m 0[2mms[22m[39m
 [32m✓[39m tests/tools/sessionExportMemory.test.ts[2m > [22msessionExportMemoryHandler — session_export_memory[2m > [22mExtended API-key redaction — additional suffix patterns[2m > [22mredacts anthropic_api_key (third _api_key vendor variant)[32m 1[2mms[22m[39m
 [32m✓[39m tests/tools/sessionExportMemory.test.ts[2m > [22msessionExportMemoryHandler — session_export_memory[2m > [22mExtended API-key redaction — additional suffix patterns[2m > [22mredacts STRIPE_WEBHOOK_SECRET (SCREAMING_SNAKE + _secret suffix)[32m 1[2mms[22m[39m
 [32m✓[39m tests/tools/sessionExportMemory.test.ts[2m > [22msessionExportMemoryHandler — session_export_memory[2m > [22mExtended API-key redaction — additional suffix patterns[2m > [22mdoes NOT redact 'db_password' — only the literal key 'password' matches /^password$/i[32m 1[2mms[22m[39m
 [32m✓[39m tests/tools/sessionExportMemory.test.ts[2m > [22msessionExportMemoryHandler — session_export_memory[2m > [22mMulti-entry embedding flush — all entries stripped[2m > [22mall 3 entries have embedding stripped — none leak through[32m 1[2mms[22m[39m
 [32m✓[39m tests/tools/sessionExportMemory.test.ts[2m > [22msessionExportMemoryHandler — session_export_memory[2m > [22mMulti-entry embedding flush — all entries stripped[2m > [22meach stripped entry retains its own distinct summary and importance[32m 1[2mms[22m[39m
 [32m✓[39m tests/tools/sessionExportMemory.test.ts[2m > [22msessionExportMemoryHandler — session_export_memory[2m > [22mMulti-entry embedding flush — all entries stripped[2m > [22mentry with importance=0 (boundary value) is preserved correctly[32m 0[2mms[22m[39m
 [32m✓[39m tests/tools/sessionExportMemory.test.ts[2m > [22msessionExportMemoryHandler — session_export_memory[2m > [22mMarkdown edge cases — null handoff and empty ledger[2m > [22mMarkdown export with null handoff — file written, no 'null' or 'undefined' in output[32m 1[2mms[22m[39m
 [32m✓[39m tests/tools/sessionExportMemory.test.ts[2m > [22msessionExportMemoryHandler — session_export_memory[2m > [22mMarkdown edge cases — null handoff and empty ledger[2m > [22mMarkdown export with empty ledger — section present without crashing[32m 1[2mms[22m[39m
 [32m✓[39m tests/tools/sessionExportMemory.test.ts[2m > [22msessionExportMemoryHandler — session_export_memory[2m > [22mMarkdown edge cases — null handoff and empty ledger[2m > [22mMarkdown multi-project export (project omitted) creates .md files per project[32m 1[2mms[22m[39m
 [32m✓[39m tests/tools/sessionExportMemory.test.ts[2m > [22msessionExportMemoryHandler — session_export_memory[2m > [22mConcurrent export safety[2m > [22m5 concurrent exports to different projects all succeed without throwing[32m 2[2mms[22m[39m
 [32m✓[39m tests/llm/imageCaptioner.test.ts[2m > [22mImageCaptioner — fireCaptionAsync pipeline[2m > [22mskips when Anthropic provider and file > 5MB[32m 102[2mms[22m[39m
 [32m✓[39m tests/llm/imageCaptioner.test.ts[2m > [22mImageCaptioner — fireCaptionAsync pipeline[2m > [22mstill saves ledger entry even if handoff OCC fails twice[32m 101[2mms[22m[39m
 [32m✓[39m tests/llm/imageCaptioner.test.ts[2m > [22mLLMProvider interface — generateImageDescription is optional[2m > [22mtext-only adapter satisfies LLMProvider interface without VLM method[32m 0[2mms[22m[39m
 [32m✓[39m tests/turboquant.test.ts[2m > [22mCompression Ratio[2m > [22mserialized 4-bit d=768 < 500 bytes (vs 3072 float32)[33m 871[2mms[22m[39m
 [32m✓[39m tests/turboquant.test.ts[2m > [22mCompression Ratio[2m > [22mserialized 3-bit d=768 < 350 bytes[33m 833[2mms[22m[39m
 [32m✓[39m tests/turboquant.test.ts[2m > [22mCompression Ratio[2m > [22mserialized 4-bit d=128 size is correct[32m 4[2mms[22m[39m
 [32m✓[39m tests/turboquant.test.ts[2m > [22mNeedle-in-Haystack Retrieval[2m > [22mtop-1 retrieval accuracy >90% (4-bit, d=128, N=100)[33m 370[2mms[22m[39m
 [32m✓[39m tests/turboquant.test.ts[2m > [22mNeedle-in-Haystack Retrieval[2m > [22mtop-5 retrieval accuracy >95% (4-bit, d=128, N=100)[33m 356[2mms[22m[39m
 [32m✓[39m tests/turboquant.test.ts[2m > [22mEdge Cases[2m > [22mhandles zero vector gracefully[32m 0[2mms[22m[39m
 [32m✓[39m tests/turboquant.test.ts[2m > [22mEdge Cases[2m > [22mhandles non-unit vectors (preserves magnitude via radius)[32m 0[2mms[22m[39m
 [32m✓[39m tests/turboquant.test.ts[2m > [22mEdge Cases[2m > [22mthrows on wrong dimension[32m 0[2mms[22m[39m
 [32m✓[39m tests/turboquant.test.ts[2m > [22mEdge Cases[2m > [22mworks with non-normalized query in cosine similarity[32m 0[2mms[22m[39m
 [32m✓[39m tests/turboquant.test.ts[2m > [22mProduction Scale (d=768, 4-bit)[2m > [22mcompress/decompress roundtrip works at production dimension[32m 2[2mms[22m[39m
 [32m✓[39m tests/turboquant.test.ts[2m > [22mProduction Scale (d=768, 4-bit)[2m > [22msimilarity preservation at d=768[32m 149[2mms[22m[39m

[31m⎯⎯⎯⎯⎯⎯⎯[39m[1m[41m Failed Tests 1 [49m[22m[31m⎯⎯⎯⎯⎯⎯⎯[39m

[41m[1m FAIL [22m[49m tests/scholar/webScholar.test.ts[2m > [22mWeb Scholar — Hivemind Lifecycle[2m > [22mshould report accurate pipeline stage in heartbeats
[31m[1mAssertionError[22m: expected false to be true // Object.is equality[39m

[32m- Expected[39m
[31m+ Received[39m

[32m- true[39m
[31m+ false[39m

[36m [2m❯[22m tests/scholar/webScholar.test.ts:[2m379:79[22m[39m
    [90m377|[39m
    [90m378|[39m     [90m// Verify stage-specific heartbeats[39m
    [90m379|[39m     expect(heartbeatTasks.some((t: string) => t.includes("Searching Br…
    [90m   |[39m                                                                               [31m^[39m
    [90m380|[39m     expect(heartbeatTasks.some((t: string) => t.includes("Scraping")))…
    [90m381|[39m     expect(heartbeatTasks.some((t: string) => t.includes("Synthesizing…

[31m[2m⎯⎯⎯⎯⎯⎯⎯⎯⎯⎯⎯⎯⎯⎯⎯⎯⎯⎯⎯⎯⎯⎯⎯⎯[1/1]⎯[22m[39m


[2m Test Files [22m [1m[31m1 failed[39m[22m[2m | [22m[1m[32m15 passed[39m[22m[90m (16)[39m
[2m      Tests [22m [1m[31m1 failed[39m[22m[2m | [22m[1m[32m361 passed[39m[22m[90m (362)[39m
[2m   Start at [22m 10:56:45
[2m   Duration [22m 3.85s[2m (transform 1.50s, setup 114ms, import 4.41s, tests 5.16s, environment 1ms)[22m

